
> my-app@0.1.0 test
> react-scripts test --coverage

  console.error
    Warning: Each child in a list should have a unique "key" prop.
    
    Check the render method of `VolunteerDisplay`. See https://reactjs.org/link/warning-keys for more information.
        at Card2 (/home/runner/work/MatchAbility/MatchAbility/node_modules/@chakra-ui/card/src/card.tsx:43:18)
        at VolunteerDisplay (/home/runner/work/MatchAbility/MatchAbility/src/components/VolunteerDisplay.tsx:31:47)
        at div
        at /home/runner/work/MatchAbility/MatchAbility/node_modules/@emotion/react/dist/emotion-element-48d2c2e4.cjs.dev.js:62:23
        at ChakraComponent (/home/runner/work/MatchAbility/MatchAbility/node_modules/@chakra-ui/system/src/system.ts:88:53)
        at TabPanel2 (/home/runner/work/MatchAbility/MatchAbility/node_modules/@chakra-ui/tabs/src/tab-panel.tsx:17:22)
        at div
        at /home/runner/work/MatchAbility/MatchAbility/node_modules/@emotion/react/dist/emotion-element-48d2c2e4.cjs.dev.js:62:23
        at ChakraComponent (/home/runner/work/MatchAbility/MatchAbility/node_modules/@chakra-ui/system/src/system.ts:88:53)
        at TabPanels2 (/home/runner/work/MatchAbility/MatchAbility/node_modules/@chakra-ui/tabs/src/tab-panels.tsx:21:23)
        at div
        at /home/runner/work/MatchAbility/MatchAbility/node_modules/@emotion/react/dist/emotion-element-48d2c2e4.cjs.dev.js:62:23
        at ChakraComponent (/home/runner/work/MatchAbility/MatchAbility/node_modules/@chakra-ui/system/src/system.ts:88:53)
        at Tabs2 (/home/runner/work/MatchAbility/MatchAbility/node_modules/@chakra-ui/tabs/src/tabs.tsx:58:18)
        at div
        at /home/runner/work/MatchAbility/MatchAbility/node_modules/@emotion/react/dist/emotion-element-48d2c2e4.cjs.dev.js:62:23
        at ChakraComponent (/home/runner/work/MatchAbility/MatchAbility/node_modules/@chakra-ui/system/src/system.ts:88:53)
        at EnvironmentProvider (/home/runner/work/MatchAbility/MatchAbility/node_modules/@chakra-ui/react-env/src/env.tsx:38:11)
        at ColorModeProvider (/home/runner/work/MatchAbility/MatchAbility/node_modules/@chakra-ui/color-mode/src/color-mode-provider.tsx:33:5)
        at ThemeProvider (/home/runner/work/MatchAbility/MatchAbility/node_modules/@emotion/react/dist/emotion-element-48d2c2e4.cjs.dev.js:125:32)
        at ThemeProvider (/home/runner/work/MatchAbility/MatchAbility/node_modules/@chakra-ui/system/src/providers.tsx:17:17)
        at ChakraProvider (/home/runner/work/MatchAbility/MatchAbility/node_modules/@chakra-ui/provider/src/chakra-provider.tsx:77:5)
        at ChakraProvider2 (/home/runner/work/MatchAbility/MatchAbility/node_modules/@chakra-ui/react/src/chakra-provider.tsx:23:3)
        at App
        at EnvironmentProvider (/home/runner/work/MatchAbility/MatchAbility/node_modules/@chakra-ui/react-env/src/env.tsx:38:11)
        at ColorModeProvider (/home/runner/work/MatchAbility/MatchAbility/node_modules/@chakra-ui/color-mode/src/color-mode-provider.tsx:33:5)
        at ThemeProvider (/home/runner/work/MatchAbility/MatchAbility/node_modules/@emotion/react/dist/emotion-element-48d2c2e4.cjs.dev.js:125:32)
        at ThemeProvider (/home/runner/work/MatchAbility/MatchAbility/node_modules/@chakra-ui/system/src/providers.tsx:17:17)
        at ChakraProvider (/home/runner/work/MatchAbility/MatchAbility/node_modules/@chakra-ui/provider/src/chakra-provider.tsx:77:5)
        at ChakraProvider2 (/home/runner/work/MatchAbility/MatchAbility/node_modules/@chakra-ui/react/src/chakra-provider.tsx:23:3)
        at AllProviders (/home/runner/work/MatchAbility/MatchAbility/src/test-utils.tsx:5:25)

      73 |     <div>
      74 |       {/* Volunteer Display */}
    > 75 |       <SimpleGrid columns={4} spacing={10}>
         |       ^
      76 |         {volunteers.map(volunteer => (
      77 |           <Card>
      78 |             <CardHeader>

      at printWarning (node_modules/react/cjs/react-jsx-dev-runtime.development.js:87:30)
      at error (node_modules/react/cjs/react-jsx-dev-runtime.development.js:61:7)
      at validateExplicitKey (node_modules/react/cjs/react-jsx-dev-runtime.development.js:1078:5)
      at validateChildKeys (node_modules/react/cjs/react-jsx-dev-runtime.development.js:1105:11)
      at jsxWithValidation (node_modules/react/cjs/react-jsx-dev-runtime.development.js:1276:11)
      at VolunteerDisplay (src/components/VolunteerDisplay.tsx:75:7)
      at renderWithHooks (node_modules/react-dom/cjs/react-dom.development.js:16305:18)
      at mountIndeterminateComponent (node_modules/react-dom/cjs/react-dom.development.js:20074:13)
      at beginWork (node_modules/react-dom/cjs/react-dom.development.js:21587:16)
      at beginWork$1 (node_modules/react-dom/cjs/react-dom.development.js:27426:14)
      at performUnitOfWork (node_modules/react-dom/cjs/react-dom.development.js:26560:12)
      at workLoopSync (node_modules/react-dom/cjs/react-dom.development.js:26466:5)
      at renderRootSync (node_modules/react-dom/cjs/react-dom.development.js:26434:7)
      at performConcurrentWorkOnRoot (node_modules/react-dom/cjs/react-dom.development.js:25738:74)
      at flushActQueue (node_modules/react/cjs/react.development.js:2667:24)
      at act (node_modules/react/cjs/react.development.js:2582:11)
      at node_modules/@testing-library/react/dist/act-compat.js:63:25
      at renderRoot (node_modules/@testing-library/react/dist/pure.js:159:26)
      at render (node_modules/@testing-library/react/dist/pure.js:246:10)
      at customRender (src/test-utils.tsx:10:9)
      at Object.<anonymous> (src/App.test.tsx:7:9)
      at TestScheduler.scheduleTests (node_modules/@jest/core/build/TestScheduler.js:333:13)
      at runJest (node_modules/@jest/core/build/runJest.js:404:19)
      at _run10000 (node_modules/@jest/core/build/cli/index.js:320:7)
      at runCLI (node_modules/@jest/core/build/cli/index.js:173:3)

FAIL src/App.test.tsx
  ✕ renders learn react link (627 ms)

  ● renders learn react link

    TestingLibraryElementError: Unable to find an element with the text: /learn chakra/i. This could be because the text is broken up by multiple elements. In this case, you can provide a function for your text matcher to make your matcher more flexible.

    Ignored nodes: comments, script, style
    [36m<body[39m
      [33mclass[39m=[32m"chakra-ui-light"[39m
    [36m>[39m
      [36m<div>[39m
        [36m<div[39m
          [33mclass[39m=[32m"css-57vgj"[39m
        [36m>[39m
          [36m<div[39m
            [33mclass[39m=[32m"css-1vlk4q9"[39m
          [36m>[39m
            [36m<img[39m
              [33malt[39m=[32m""[39m
              [33msrc[39m=[32m"./images/MAlogo.png"[39m
            [36m/>[39m
            [36m<b[39m
              [33mclass[39m=[32m"chakra-text css-yl2kbz"[39m
            [36m>[39m
              [0mMatchAbility[0m
            [36m</b>[39m
            [36m<p[39m
              [33mclass[39m=[32m"chakra-text css-1bb6m29"[39m
            [36m>[39m
              [0mProfile[0m
            [36m</p>[39m
          [36m</div>[39m
          [36m<div[39m
            [33mclass[39m=[32m"chakra-tabs css-1xpribl"[39m
          [36m>[39m
            [36m<div[39m
              [33maria-orientation[39m=[32m"horizontal"[39m
              [33mclass[39m=[32m"chakra-tabs__tablist css-1uw5bnh"[39m
              [33mrole[39m=[32m"tablist"[39m
            [36m>[39m
              [36m<button[39m
                [33maria-controls[39m=[32m"tabs-:r0:--tabpanel-0"[39m
                [33maria-disabled[39m=[32m"false"[39m
                [33maria-selected[39m=[32m"true"[39m
                [33mclass[39m=[32m"chakra-tabs__tab css-yf12il"[39m
                [33mdata-index[39m=[32m"0"[39m
                [33mid[39m=[32m"tabs-:r0:--tab-0"[39m
                [33mrole[39m=[32m"tab"[39m
                [33mtabindex[39m=[32m"0"[39m
                [33mtype[39m=[32m"button"[39m
              [36m>[39m
                [0mHome[0m
              [36m</button>[39m
              [36m<button[39m
                [33maria-controls[39m=[32m"tabs-:r0:--tabpanel-1"[39m
                [33maria-disabled[39m=[32m"false"[39m
                [33maria-selected[39m=[32m"false"[39m
                [33mclass[39m=[32m"chakra-tabs__tab css-yf12il"[39m
                [33mdata-index[39m=[32m"1"[39m
                [33mid[39m=[32m"tabs-:r0:--tab-1"[39m
                [33mrole[39m=[32m"tab"[39m
                [33mtabindex[39m=[32m"-1"[39m
                [33mtype[39m=[32m"button"[39m
              [36m>[39m
                [0mOur Volunteers[0m
              [36m</button>[39m
              [36m<button[39m
                [33maria-controls[39m=[32m"tabs-:r0:--tabpanel-2"[39m
                [33maria-disabled[39m=[32m"false"[39m
                [33maria-selected[39m=[32m"false"[39m
                [33mclass[39m=[32m"chakra-tabs__tab css-yf12il"[39m
                [33mdata-index[39m=[32m"2"[39m
                [33mid[39m=[32m"tabs-:r0:--tab-2"[39m
                [33mrole[39m=[32m"tab"[39m
                [33mtabindex[39m=[32m"-1"[39m
                [33mtype[39m=[32m"button"[39m
              [36m>[39m
                [0mMatchMaking Form[0m
              [36m</button>[39m
              [36m<button[39m
                [33maria-controls[39m=[32m"tabs-:r0:--tabpanel-3"[39m
                [33maria-disabled[39m=[32m"false"[39m
                [33maria-selected[39m=[32m"false"[39m
                [33mclass[39m=[32m"chakra-tabs__tab css-yf12il"[39m
                [33mdata-index[39m=[32m"3"[39m
                [33mid[39m=[32m"tabs-:r0:--tab-3"[39m
                [33mrole[39m=[32m"tab"[39m
                [33mtabindex[39m=[32m"-1"[39m
                [33mtype[39m=[32m"button"[39m
              [36m>[39m
                [0mRegister[0m
              [36m</button>[39m
              [36m<button[39m
                [33maria-controls[39m=[32m"tabs-:r0:--tabpanel-4"[39m
                [33maria-disabled[39m=[32m"false"[39m
                [33maria-selected[39m=[32m"false"[39m
                [33mclass[39m=[32m"chakra-tabs__tab css-yf12il"[39m
                [33mdata-index[39m=[32m"4"[39m
                [33mid[39m=[32m"tabs-:r0:--tab-4"[39m
                [33mrole[39m=[32m"tab"[39m
                [33mtabindex[39m=[32m"-1"[39m
                [33mtype[39m=[32m"button"[39m
              [36m>[39m
                [0mAbout[0m
              [36m</button>[39m
            [36m</div>[39m
            [36m<div[39m
              [33mclass[39m=[32m"chakra-tabs__tab-panels css-at1bvb"[39m
            [36m>[39m
              [36m<div[39m
                [33maria-labelledby[39m=[32m"tabs-:r0:--tab-0"[39m
                [33mclass[39m=[32m"chakra-tabs__tab-panel css-a5mhaz"[39m
                [33mid[39m=[32m"tabs-:r0:--tabpanel-0"[39m
                [33mrole[39m=[32m"tabpanel"[39m
                [33mtabindex[39m=[32m"0"[39m
              [36m>[39m
                [36m<div>[39m
                  [0mHi[0m
                [36m</div>[39m
              [36m</div>[39m
              [36m<div[39m
                [33maria-labelledby[39m=[32m"tabs-:r0:--tab-1"[39m
                [33mclass[39m=[32m"chakra-tabs__tab-panel css-a5mhaz"[39m
                [33mhidden[39m=[32m""[39m
                [33mid[39m=[32m"tabs-:r0:--tabpanel-1"[39m
                [33mrole[39m=[32m"tabpanel"[39m
                [33mtabindex[39m=[32m"0"[39m
              [36m>[39m
                [36m<div>[39m
                  [36m<div[39m
                    [33mclass[39m=[32m"css-16zah1r"[39m
                  [36m>[39m
                    [36m<div[39m
                      [33mclass[39m=[32m"chakra-card css-jv498s"[39m
                    [36m>[39m
                      [36m<div[39m
                        [33mclass[39m=[32m"chakra-card__header css-1sl53ol"[39m
                      [36m>[39m
                        [36m<h2[39m
                          [33mclass[39m=[32m"chakra-heading css-18j379d"[39m
                        [36m>[39m
                          [0mAlice Walker[0m
                        [36m</h2>[39m
                      [36m</div>[39m
                      [36m<div[39m
                        [33mclass[39m=[32m"chakra-card__body css-1idwstw"[39m
                      [36m>[39m
                        [36m<p>[39m
                          [0mI love sunflowers.[0m
                        [36m</p>[39m
                        [36m<p[39m
                          [33mstyle[39m=[32m"align-self: left;"[39m
                        [36m>[39m
                          [0mI can help with: [0m
                          [0mDyslexia, Colorblindness[0m
                        [36m</p>[39m
                        [36m<p>[39m
                          [0mDays Available: [0m
                          [0mMon, Tue, Wed, Thu, Fri[0m
                        [36m</p>[39m
                        [36m<p>[39m
                          [0mAvailability: [0m
                          [0mEvening[0m
                        [36m</p>[39m
                      [36m</div>[39m
                      [36m<div[39m
                        [33mclass[39m=[32m"chakra-card__footer css-1a7q9t8"[39m
                      [36m>[39m
                        [36m<button[39m
                          [33mclass[39m=[32m"chakra-button css-ez23ye"[39m
                          [33mtype[39m=[32m"button"[39m
                        [36m>[39m
                          [0mMatch me[0m
                        [36m</button>[39m
                      [36m</div>[39m
                ...

       6 | test("renders learn react link", () => {
       7 |   render(<App />)
    >  8 |   const linkElement = screen.getByText(/learn chakra/i)
         |                              ^
       9 |   expect(linkElement).toBeInTheDocument()
      10 | })
      11 |

      at Object.getElementError (node_modules/@testing-library/react/node_modules/@testing-library/dom/dist/config.js:37:19)
      at node_modules/@testing-library/react/node_modules/@testing-library/dom/dist/query-helpers.js:76:38
      at node_modules/@testing-library/react/node_modules/@testing-library/dom/dist/query-helpers.js:52:17
      at getByText (node_modules/@testing-library/react/node_modules/@testing-library/dom/dist/query-helpers.js:95:19)
      at Object.<anonymous> (src/App.test.tsx:8:30)
      at TestScheduler.scheduleTests (node_modules/@jest/core/build/TestScheduler.js:333:13)
      at runJest (node_modules/@jest/core/build/runJest.js:404:19)
      at _run10000 (node_modules/@jest/core/build/cli/index.js:320:7)
      at runCLI (node_modules/@jest/core/build/cli/index.js:173:3)

------------------------|---------|----------|---------|---------|-------------------
File                    | % Stmts | % Branch | % Funcs | % Lines | Uncovered Line #s 
------------------------|---------|----------|---------|---------|-------------------
All files               |   19.65 |        0 |   17.77 |   20.17 |                   
 src                    |    8.57 |        0 |   13.04 |    8.69 |                   
  App.tsx               |     100 |      100 |     100 |     100 |                   
  ColorModeSwitcher.tsx |       0 |      100 |       0 |       0 | 12-17             
  Logo.tsx              |       0 |        0 |       0 |       0 | 11-23             
  index.tsx             |       0 |        0 |     100 |       0 | 9-28              
  reportWebVitals.ts    |       0 |        0 |       0 |       0 | 3-10              
  serviceWorker.ts      |       0 |        0 |       0 |       0 | 13-143            
  test-utils.tsx        |     100 |      100 |     100 |     100 |                   
 src/components         |   37.77 |        0 |      25 |   39.53 |                   
  Home.tsx              |     100 |      100 |     100 |     100 |                   
  MatchMakingForm.tsx   |      50 |      100 |   16.66 |   54.54 | 23-24,34-43       
  Profile.tsx           |       0 |      100 |       0 |       0 | 4                 
  Register.tsx          |     100 |      100 |     100 |     100 |                   
  VolunteerDisplay.tsx  |      30 |        0 |   18.18 |   31.03 | 39-69,100-141     
 src/interfaces         |       0 |        0 |       0 |       0 |                   
  volunteers.ts         |       0 |        0 |       0 |       0 |                   
 src/pages              |       0 |      100 |       0 |       0 |                   
  About.tsx             |       0 |      100 |       0 |       0 | 4                 
  Home.tsx              |       0 |      100 |       0 |       0 | 4                 
------------------------|---------|----------|---------|---------|-------------------
Test Suites: 1 failed, 1 total
Tests:       1 failed, 1 total
Snapshots:   0 total
Time:        4.1 s
Ran all test suites.
[0;33mOne of your dependencies, babel-preset-react-app, is importing the
"@babel/plugin-proposal-private-property-in-object" package without
declaring it in its dependencies. This is currently working because
"@babel/plugin-proposal-private-property-in-object" is already in your
node_modules folder for unrelated reasons, but it [1mmay break at any time[0;33m.

babel-preset-react-app is part of the create-react-app project, [1mwhich
is not maintianed anymore[0;33m. It is thus unlikely that this bug will
ever be fixed. Add "@babel/plugin-proposal-private-property-in-object" to
your devDependencies to work around this error. This will make this message
go away.[0m
  
